// Jest Snapshot v1, https://goo.gl/fbAQLP

exports[`ToolbarComponent should render dashboard 1`] = `
<sdw-toolbar
  __ngContext__={[Function Number]}
  _container="null"
  _positions={[Function Array]}
  folders={[Function Array]}
  notes={[Function Array]}
>
  <mat-toolbar
    class="mat-toolbar sm:fized sm:z-2 flex flex-col mat-primary mat-toolbar-single-row"
    color="primary"
  >
    <button
      class="mat-focus-indicator mat-icon-button mat-button-base _mat-animation-noopable"
      mat-icon-button=""
    >
      <span
        class="mat-button-wrapper"
      >
        <mat-icon
          aria-hidden="true"
          class="mat-icon notranslate material-icons mat-ligature-font mat-icon-no-color"
          data-mat-icon-type="font"
          role="img"
        >
          menu
        </mat-icon>
      </span>
      <span
        class="mat-ripple mat-button-ripple mat-button-ripple-round"
        matripple=""
      />
      <span
        class="mat-button-focus-overlay"
      />
    </button>
    <h1
      class="ml-8 hidden sm:block"
    >
      Responsive App
    </h1>
    <span
      class="flex flex-1"
    />
    <div
      class="w-72 text-black"
    >
      <div
        class="relative"
      >
        <input
          autocomplete="off"
          class="w-full rounded-lg border border-gray-200"
          placeholder="Search..."
          type="search"
        />
      </div>
    </div>
    <div
      class="hidden md:block"
    >
      <div
        class="ml-4 flex items-center md:ml-6"
      >
        <button
          class="mat-focus-indicator max-w-xs rounded-full flex items-center text-sm focus:outline-none focus:ring-2 focus:ring-offset-2 focus:ring-offset-gray-800 focus:ring-white mat-icon-button mat-button-base _mat-animation-noopable"
          mat-icon-button=""
        >
          <span
            class="mat-button-wrapper"
          >
            <span
              class="sr-only"
            >
              View notifications
            </span>
            <mat-icon
              aria-hidden="true"
              class="mat-icon notranslate material-icons mat-ligature-font mat-icon-no-color material-icons-outlined"
              data-mat-icon-type="font"
              outlined=""
              role="img"
            >
              notifications
            </mat-icon>
          </span>
          <span
            class="mat-ripple mat-button-ripple mat-button-ripple-round"
            matripple=""
          />
          <span
            class="mat-button-focus-overlay"
          />
        </button>
        <div
          class="ml-3 relative"
        >
          <button
            aria-expanded="false"
            aria-haspopup="true"
            class="cdk-menu-trigger max-w-xs bg-gray-800 rounded-full flex items-center text-sm focus:outline-none focus:ring-2 focus:ring-offset-2 focus:ring-offset-gray-800 focus:ring-white"
            data-cdk-menu-stack-id="1"
            id="user-menu-button"
            role="button"
          >
            <span
              class="sr-only"
            >
              Open user menu
            </span>
            <img
              alt=""
              class="h-8 w-8 rounded-full"
              src="https://images.unsplash.com/photo-1472099645785-5658abf4ff4e?ixlib=rb-1.2.1&ixid=eyJhcHBfaWQiOjEyMDd9&auto=format&fit=facearea&facepad=2&w=256&h=256&q=80"
            />
          </button>
        </div>
      </div>
    </div>
  </mat-toolbar>
</sdw-toolbar>
`;
